// Jest Snapshot v1, https://goo.gl/fbAQLP

exports[`Test on <GifExpertApp /> Should match snapshot 1`] = `
<div>
  <h1>
    Gif Expert App
  </h1>
  <form
    aria-label="form"
  >
    <input
      placeholder="Buscar"
      type="text"
      value=""
    />
  </form>
</div>
`;
