// Jest Snapshot v1, https://goo.gl/fbAQLP

exports[`<GifItem /> test sholud 1`] = `
<div>
  <div
    class="card"
  >
    <img
      alt="titulo"
      src="https://source.com/example.jpg"
    />
    <p>
      titulo
    </p>
  </div>
</div>
`;
